0 verbose cli C:\Program Files\nodejs\node.exe C:\Program Files\nodejs\node_modules\npm\bin\npm-cli.js
1 info using npm@10.9.2
2 info using node@v22.14.0
3 silly config load:file:C:\Program Files\nodejs\node_modules\npm\npmrc
4 silly config load:file:D:\Pookiz\.npmrc
5 silly config load:file:C:\Users\Arpit Pandey\.npmrc
6 silly config load:file:C:\Users\Arpit Pandey\AppData\Roaming\npm\etc\npmrc
7 verbose title npm exec create-next-app@latest vividcut --ts --tailwind --eslint --app --src-dir --import-alias @/* --use-npm --yes --disable-git
8 verbose argv "exec" "--yes" "--" "create-next-app@latest" "vividcut" "--ts" "--tailwind" "--eslint" "--app" "--src-dir" "--import-alias" "@/*" "--use-npm" "--yes" "--disable-git"
9 verbose logfile logs-max:10 dir:d:\Pookiz\.npm-cache\_logs\2026-07-18T18_16_37_036Z-
10 verbose logfile d:\Pookiz\.npm-cache\_logs\2026-07-18T18_16_37_036Z-debug-0.log
11 silly logfile done cleaning log files
12 silly packumentCache heap:4345298944 maxSize:1086324736 maxEntrySize:543162368
13 http fetch GET 200 https://registry.npmjs.org/npm 2340ms
14 http fetch GET 200 https://registry.npmjs.org/create-next-app 3333ms (cache miss)
15 silly packumentCache heap:4345298944 maxSize:1086324736 maxEntrySize:543162368
16 silly packumentCache heap:4345298944 maxSize:1086324736 maxEntrySize:543162368
17 silly idealTree buildDeps
18 silly fetch manifest create-next-app@16.2.10
19 silly packumentCache full:https://registry.npmjs.org/create-next-app cache-miss
20 http fetch GET 200 https://registry.npmjs.org/create-next-app 1045ms (cache miss)
21 silly packumentCache full:https://registry.npmjs.org/create-next-app set size:undefined disposed:false
22 silly placeDep ROOT create-next-app@16.2.10 OK for:  want: 16.2.10
23 silly reify moves {}
24 silly audit bulk request { 'create-next-app': [ '16.2.10' ] }
25 http cache create-next-app@https://registry.npmjs.org/create-next-app/-/create-next-app-16.2.10.tgz 1ms (cache hit)
26 silly tarball no local data for create-next-app@https://registry.npmjs.org/create-next-app/-/create-next-app-16.2.10.tgz. Extracting by manifest.
27 http fetch POST 200 https://registry.npmjs.org/-/npm/v1/security/advisories/bulk 369ms
28 silly audit report {}
29 http fetch GET 200 https://registry.npmjs.org/create-next-app/-/create-next-app-16.2.10.tgz 415ms (cache miss)
30 verbose cwd D:\Pookiz
31 verbose os Windows_NT 10.0.26200
32 verbose node v22.14.0
33 verbose npm  v10.9.2
34 notice
34 notice New major version of npm available! 10.9.2 -> 12.0.1
34 notice Changelog: https://github.com/npm/cli/releases/tag/v12.0.1
34 notice To update run: npm install -g npm@12.0.1
34 notice  { force: true, [Symbol(proc-log.meta)]: true }
35 verbose exit 0
36 info ok
