0 verbose cli C:\Program Files\nodejs\node.exe C:\Program Files\nodejs\node_modules\npm\bin\npm-cli.js
1 info using npm@10.9.2
2 info using node@v22.14.0
3 silly config load:file:C:\Program Files\nodejs\node_modules\npm\npmrc
4 silly config load:file:D:\Pookiz\vividcut\.npmrc
5 silly config load:file:C:\Users\Arpit Pandey\.npmrc
6 silly config load:file:C:\Users\Arpit Pandey\AppData\Roaming\npm\etc\npmrc
7 verbose title npm install @types/canvas-confetti
8 verbose argv "install" "--save-dev" "@types/canvas-confetti"
9 verbose logfile logs-max:10 dir:d:\Pookiz\.npm-cache\_logs\2026-07-18T18_19_34_469Z-
10 verbose logfile d:\Pookiz\.npm-cache\_logs\2026-07-18T18_19_34_469Z-debug-0.log
11 silly logfile done cleaning log files
12 silly packumentCache heap:4345298944 maxSize:1086324736 maxEntrySize:543162368
13 silly idealTree buildDeps
14 silly fetch manifest @types/canvas-confetti@*
15 silly packumentCache full:https://registry.npmjs.org/@types%2fcanvas-confetti cache-miss
16 http fetch GET 200 https://registry.npmjs.org/@types%2fcanvas-confetti 1625ms (cache miss)
17 silly packumentCache full:https://registry.npmjs.org/@types%2fcanvas-confetti set size:undefined disposed:false
18 silly placeDep ROOT @types/canvas-confetti@1.9.0 OK for: vividcut@0.1.0 want: *
19 silly reify moves {}
20 verbose reify failed optional dependency D:\Pookiz\vividcut\node_modules\@tailwindcss\oxide-wasm32-wasi
21 silly reify mark deleted [
21 silly reify   'D:\\Pookiz\\vividcut\\node_modules\\@tailwindcss\\oxide-wasm32-wasi'
21 silly reify ]
22 silly audit bulk request {
22 silly audit   '@alloc/quick-lru': [ '5.2.0' ],
22 silly audit   '@babel/code-frame': [ '7.29.7' ],
22 silly audit   '@babel/compat-data': [ '7.29.7' ],
22 silly audit   '@babel/core': [ '7.29.7' ],
22 silly audit   '@babel/generator': [ '7.29.7' ],
22 silly audit   '@babel/helper-compilation-targets': [ '7.29.7' ],
22 silly audit   '@babel/helper-globals': [ '7.29.7' ],
22 silly audit   '@babel/helper-module-imports': [ '7.29.7' ],
22 silly audit   '@babel/helper-module-transforms': [ '7.29.7' ],
22 silly audit   '@babel/helper-string-parser': [ '7.29.7' ],
22 silly audit   '@babel/helper-validator-identifier': [ '7.29.7' ],
22 silly audit   '@babel/helper-validator-option': [ '7.29.7' ],
22 silly audit   '@babel/helpers': [ '7.29.7' ],
22 silly audit   '@babel/parser': [ '7.29.7' ],
22 silly audit   '@babel/template': [ '7.29.7' ],
22 silly audit   '@babel/traverse': [ '7.29.7' ],
22 silly audit   '@babel/types': [ '7.29.7' ],
22 silly audit   '@emnapi/core': [ '1.10.0' ],
22 silly audit   '@emnapi/runtime': [ '1.11.2', '1.10.0' ],
22 silly audit   '@emnapi/wasi-threads': [ '1.2.1' ],
22 silly audit   '@eslint-community/eslint-utils': [ '4.9.1' ],
22 silly audit   'eslint-visitor-keys': [ '3.4.3', '5.0.1', '4.2.1' ],
22 silly audit   '@eslint-community/regexpp': [ '4.12.2' ],
22 silly audit   '@eslint/config-array': [ '0.21.2' ],
22 silly audit   '@eslint/config-helpers': [ '0.4.2' ],
22 silly audit   '@eslint/core': [ '0.17.0' ],
22 silly audit   '@eslint/eslintrc': [ '3.3.6' ],
22 silly audit   '@eslint/js': [ '9.39.5' ],
22 silly audit   '@eslint/object-schema': [ '2.1.7' ],
22 silly audit   '@eslint/plugin-kit': [ '0.4.1' ],
22 silly audit   '@humanfs/core': [ '0.19.2' ],
22 silly audit   '@humanfs/node': [ '0.16.8' ],
22 silly audit   '@humanfs/types': [ '0.15.0' ],
22 silly audit   '@humanwhocodes/module-importer': [ '1.0.1' ],
22 silly audit   '@humanwhocodes/retry': [ '0.4.3' ],
22 silly audit   '@img/colour': [ '1.1.0' ],
22 silly audit   '@img/sharp-darwin-arm64': [ '0.34.5' ],
22 silly audit   '@img/sharp-darwin-x64': [ '0.34.5' ],
22 silly audit   '@img/sharp-libvips-darwin-arm64': [ '1.2.4' ],
22 silly audit   '@img/sharp-libvips-darwin-x64': [ '1.2.4' ],
22 silly audit   '@img/sharp-libvips-linux-arm': [ '1.2.4' ],
22 silly audit   '@img/sharp-libvips-linux-arm64': [ '1.2.4' ],
22 silly audit   '@img/sharp-libvips-linux-ppc64': [ '1.2.4' ],
22 silly audit   '@img/sharp-libvips-linux-riscv64': [ '1.2.4' ],
22 silly audit   '@img/sharp-libvips-linux-s390x': [ '1.2.4' ],
22 silly audit   '@img/sharp-libvips-linux-x64': [ '1.2.4' ],
22 silly audit   '@img/sharp-libvips-linuxmusl-arm64': [ '1.2.4' ],
22 silly audit   '@img/sharp-libvips-linuxmusl-x64': [ '1.2.4' ],
22 silly audit   '@img/sharp-linux-arm': [ '0.34.5' ],
22 silly audit   '@img/sharp-linux-arm64': [ '0.34.5' ],
22 silly audit   '@img/sharp-linux-ppc64': [ '0.34.5' ],
22 silly audit   '@img/sharp-linux-riscv64': [ '0.34.5' ],
22 silly audit   '@img/sharp-linux-s390x': [ '0.34.5' ],
22 silly audit   '@img/sharp-linux-x64': [ '0.34.5' ],
22 silly audit   '@img/sharp-linuxmusl-arm64': [ '0.34.5' ],
22 silly audit   '@img/sharp-linuxmusl-x64': [ '0.34.5' ],
22 silly audit   '@img/sharp-wasm32': [ '0.34.5' ],
22 silly audit   '@img/sharp-win32-arm64': [ '0.34.5' ],
22 silly audit   '@img/sharp-win32-ia32': [ '0.34.5' ],
22 silly audit   '@img/sharp-win32-x64': [ '0.34.5' ],
22 silly audit   '@imgly/background-removal': [ '1.7.0' ],
22 silly audit   zod: [ '3.25.76', '4.4.3' ],
22 silly audit   '@jridgewell/gen-mapping': [ '0.3.13' ],
22 silly audit   '@jridgewell/remapping': [ '2.3.5' ],
22 silly audit   '@jridgewell/resolve-uri': [ '3.1.2' ],
22 silly audit   '@jridgewell/sourcemap-codec': [ '1.5.5' ],
22 silly audit   '@jridgewell/trace-mapping': [ '0.3.31' ],
22 silly audit   '@napi-rs/wasm-runtime': [ '1.1.6' ],
22 silly audit   '@next/env': [ '16.2.10' ],
22 silly audit   '@next/eslint-plugin-next': [ '16.2.10' ],
22 silly audit   '@next/swc-darwin-arm64': [ '16.2.10' ],
22 silly audit   '@next/swc-darwin-x64': [ '16.2.10' ],
22 silly audit   '@next/swc-linux-arm64-gnu': [ '16.2.10' ],
22 silly audit   '@next/swc-linux-arm64-musl': [ '16.2.10' ],
22 silly audit   '@next/swc-linux-x64-gnu': [ '16.2.10' ],
22 silly audit   '@next/swc-linux-x64-musl': [ '16.2.10' ],
22 silly audit   '@next/swc-win32-arm64-msvc': [ '16.2.10' ],
22 silly audit   '@next/swc-win32-x64-msvc': [ '16.2.10' ],
22 silly audit   '@nodelib/fs.scandir': [ '2.1.5' ],
22 silly audit   '@nodelib/fs.stat': [ '2.0.5' ],
22 silly audit   '@nodelib/fs.walk': [ '1.2.8' ],
22 silly audit   '@nolyfill/is-core-module': [ '1.0.39' ],
22 silly audit   '@protobufjs/aspromise': [ '1.1.2' ],
22 silly audit   '@protobufjs/base64': [ '1.1.2' ],
22 silly audit   '@protobufjs/codegen': [ '2.0.5' ],
22 silly audit   '@protobufjs/eventemitter': [ '1.1.1' ],
22 silly audit   '@protobufjs/fetch': [ '1.1.1' ],
22 silly audit   '@protobufjs/float': [ '1.0.2' ],
22 silly audit   '@protobufjs/path': [ '1.1.2' ],
22 silly audit   '@protobufjs/pool': [ '1.1.0' ],
22 silly audit   '@protobufjs/utf8': [ '1.1.2' ],
22 silly audit   '@rtsao/scc': [ '1.1.0' ],
22 silly audit   '@swc/helpers': [ '0.5.15' ],
22 silly audit   '@tailwindcss/node': [ '4.3.3' ],
22 silly audit   '@tailwindcss/oxide': [ '4.3.3' ],
22 silly audit   '@tailwindcss/oxide-android-arm64': [ '4.3.3' ],
22 silly audit   '@tailwindcss/oxide-darwin-arm64': [ '4.3.3' ],
22 silly audit   '@tailwindcss/oxide-darwin-x64': [ '4.3.3' ],
22 silly audit   '@tailwindcss/oxide-freebsd-x64': [ '4.3.3' ],
22 silly audit   '@tailwindcss/oxide-linux-arm-gnueabihf': [ '4.3.3' ],
22 silly audit   '@tailwindcss/oxide-linux-arm64-gnu': [ '4.3.3' ],
22 silly audit   '@tailwindcss/oxide-linux-arm64-musl': [ '4.3.3' ],
22 silly audit   '@tailwindcss/oxide-linux-x64-gnu': [ '4.3.3' ],
22 silly audit   '@tailwindcss/oxide-linux-x64-musl': [ '4.3.3' ],
22 silly audit   '@tailwindcss/oxide-win32-arm64-msvc': [ '4.3.3' ],
22 silly audit   '@tailwindcss/oxide-win32-x64-msvc': [ '4.3.3' ],
22 silly audit   '@tailwindcss/postcss': [ '4.3.3' ],
22 silly audit   '@tensorflow/tfjs': [ '4.11.0' ],
22 silly audit   '@tensorflow/tfjs-backend-cpu': [ '4.22.0', '4.11.0' ],
22 silly audit   '@tensorflow/tfjs-backend-wasm': [ '4.22.0' ],
22 silly audit   '@tensorflow/tfjs-backend-webgpu': [ '4.22.0' ],
22 silly audit   '@tensorflow/tfjs-core': [ '4.22.0', '4.11.0' ],
22 silly audit   '@tensorflow/tfjs-backend-webgl': [ '4.11.0' ],
22 silly audit   '@types/offscreencanvas': [ '2019.3.0', '2019.7.3' ],
22 silly audit   '@tensorflow/tfjs-converter': [ '4.11.0' ],
22 silly audit   '@tensorflow/tfjs-data': [ '4.11.0' ],
22 silly audit   '@tensorflow/tfjs-layers': [ '4.11.0' ],
22 silly audit   '@webgpu/types': [ '0.1.30', '0.1.38' ],
22 silly audit   argparse: [ '1.0.10', '2.0.1' ],
22 silly audit   '@tybys/wasm-util': [ '0.10.3' ],
22 silly audit   '@types/emscripten': [ '0.0.34' ],
22 silly audit   '@types/estree': [ '1.0.9' ],
22 silly audit   '@types/json-schema': [ '7.0.15' ],
22 silly audit   '@types/json5': [ '0.0.29' ],
22 silly audit   '@types/long': [ '4.0.2' ],
22 silly audit   '@types/node': [ '20.19.43' ],
22 silly audit   '@types/node-fetch': [ '2.6.13' ],
22 silly audit   '@types/react': [ '19.2.17' ],
22 silly audit   '@types/react-dom': [ '19.2.3' ],
22 silly audit   '@types/seedrandom': [ '2.4.34' ],
22 silly audit   '@typescript-eslint/eslint-plugin': [ '8.64.0' ],
22 silly audit   ignore: [ '7.0.6', '5.3.2' ],
22 silly audit   '@typescript-eslint/parser': [ '8.64.0' ],
22 silly audit   '@typescript-eslint/project-service': [ '8.64.0' ],
22 silly audit   '@typescript-eslint/scope-manager': [ '8.64.0' ],
22 silly audit   '@typescript-eslint/tsconfig-utils': [ '8.64.0' ],
22 silly audit   '@typescript-eslint/type-utils': [ '8.64.0' ],
22 silly audit   '@typescript-eslint/types': [ '8.64.0' ],
22 silly audit   '@typescript-eslint/typescript-estree': [ '8.64.0' ],
22 silly audit   'balanced-match': [ '4.0.4', '1.0.2' ],
22 silly audit   'brace-expansion': [ '5.0.7', '1.1.16' ],
22 silly audit   minimatch: [ '10.2.5', '3.1.5' ],
22 silly audit   semver: [ '7.8.5', '6.3.1' ],
22 silly audit   '@typescript-eslint/utils': [ '8.64.0' ],
22 silly audit   '@typescript-eslint/visitor-keys': [ '8.64.0' ],
22 silly audit   '@unrs/resolver-binding-android-arm-eabi': [ '1.12.2' ],
22 silly audit   '@unrs/resolver-binding-android-arm64': [ '1.12.2' ],
22 silly audit   '@unrs/resolver-binding-darwin-arm64': [ '1.12.2' ],
22 silly audit   '@unrs/resolver-binding-darwin-x64': [ '1.12.2' ],
22 silly audit   '@unrs/resolver-binding-freebsd-x64': [ '1.12.2' ],
22 silly audit   '@unrs/resolver-binding-linux-arm-gnueabihf': [ '1.12.2' ],
22 silly audit   '@unrs/resolver-binding-linux-arm-musleabihf': [ '1.12.2' ],
22 silly audit   '@unrs/resolver-binding-linux-arm64-gnu': [ '1.12.2' ],
22 silly audit   '@unrs/resolver-binding-linux-arm64-musl': [ '1.12.2' ],
22 silly audit   '@unrs/resolver-binding-linux-loong64-gnu': [ '1.12.2' ],
22 silly audit   '@unrs/resolver-binding-linux-loong64-musl': [ '1.12.2' ],
22 silly audit   '@unrs/resolver-binding-linux-ppc64-gnu': [ '1.12.2' ],
22 silly audit   '@unrs/resolver-binding-linux-riscv64-gnu': [ '1.12.2' ],
22 silly audit   '@unrs/resolver-binding-linux-riscv64-musl': [ '1.12.2' ],
22 silly audit   '@unrs/resolver-binding-linux-s390x-gnu': [ '1.12.2' ],
22 silly audit   '@unrs/resolver-binding-linux-x64-gnu': [ '1.12.2' ],
22 silly audit   '@unrs/resolver-binding-linux-x64-musl': [ '1.12.2' ],
22 silly audit   '@unrs/resolver-binding-openharmony-arm64': [ '1.12.2' ],
22 silly audit   '@unrs/resolver-binding-wasm32-wasi': [ '1.12.2' ],
22 silly audit   '@unrs/resolver-binding-win32-arm64-msvc': [ '1.12.2' ],
22 silly audit   '@unrs/resolver-binding-win32-ia32-msvc': [ '1.12.2' ],
22 silly audit   '@unrs/resolver-binding-win32-x64-msvc': [ '1.12.2' ],
22 silly audit   '@upscalerjs/default-model': [ '1.0.0' ],
22 silly audit   '@upscalerjs/esrgan-slim': [ '1.0.0' ],
22 silly audit   acorn: [ '8.17.0' ],
22 silly audit   'acorn-jsx': [ '5.3.2' ],
22 silly audit   ajv: [ '6.15.0' ],
22 silly audit   'ansi-regex': [ '5.0.1' ],
22 silly audit   'ansi-styles': [ '4.3.0' ],
22 silly audit   anymatch: [ '3.1.3' ],
22 silly audit   'aria-query': [ '5.3.2' ],
22 silly audit   'array-buffer-byte-length': [ '1.0.2' ],
22 silly audit   'array-includes': [ '3.1.9' ],
22 silly audit   'array.prototype.findlast': [ '1.2.5' ],
22 silly audit   'array.prototype.findlastindex': [ '1.2.6' ],
22 silly audit   'array.prototype.flat': [ '1.3.3' ],
22 silly audit   'array.prototype.flatmap': [ '1.3.3' ],
22 silly audit   'array.prototype.tosorted': [ '1.1.4' ],
22 silly audit   'arraybuffer.prototype.slice': [ '1.0.4' ],
22 silly audit   'ast-types-flow': [ '0.0.8' ],
22 silly audit   'async-function': [ '1.0.0' ],
22 silly audit   asynckit: [ '0.4.0' ],
22 silly audit   'available-typed-arrays': [ '1.0.7' ],
22 silly audit   'axe-core': [ '4.12.1' ],
22 silly audit   'axobject-query': [ '4.1.0' ],
22 silly audit   'baseline-browser-mapping': [ '2.10.43' ],
22 silly audit   'binary-extensions': [ '2.3.0' ],
22 silly audit   braces: [ '3.0.3' ],
22 silly audit   browserslist: [ '4.28.6' ],
22 silly audit   'call-bind': [ '1.0.9' ],
22 silly audit   'call-bind-apply-helpers': [ '1.0.2' ],
22 silly audit   'call-bound': [ '1.0.4' ],
22 silly audit   callsites: [ '3.1.0' ],
22 silly audit   'caniuse-lite': [ '1.0.30001806' ],
22 silly audit   'canvas-confetti': [ '1.9.4' ],
22 silly audit   chalk: [ '4.1.2' ],
22 silly audit   chokidar: [ '3.6.0' ],
22 silly audit   'glob-parent': [ '5.1.2', '6.0.2' ],
22 silly audit   'client-only': [ '0.0.1' ],
22 silly audit   cliui: [ '7.0.4' ],
22 silly audit   'color-convert': [ '2.0.1' ],
22 silly audit   'color-name': [ '1.1.4' ],
22 silly audit   'combined-stream': [ '1.0.8' ],
22 silly audit   'concat-map': [ '0.0.1' ],
22 silly audit   'convert-source-map': [ '2.0.0' ],
22 silly audit   'core-js': [ '3.29.1' ],
22 silly audit   'cross-spawn': [ '7.0.6' ],
22 silly audit   csstype: [ '3.2.3' ],
22 silly audit   'damerau-levenshtein': [ '1.0.8' ],
22 silly audit   'data-view-buffer': [ '1.0.2' ],
22 silly audit   'data-view-byte-length': [ '1.0.2' ],
22 silly audit   'data-view-byte-offset': [ '1.0.1' ],
22 silly audit   debug: [ '4.4.3', '3.2.7' ],
22 silly audit   'deep-is': [ '0.1.4' ],
22 silly audit   'define-data-property': [ '1.1.4' ],
22 silly audit   'define-properties': [ '1.2.1' ],
22 silly audit   'delayed-stream': [ '1.0.0' ],
22 silly audit   'detect-libc': [ '2.1.2' ],
22 silly audit   doctrine: [ '2.1.0' ],
22 silly audit   'dunder-proto': [ '1.0.1' ],
22 silly audit   'electron-to-chromium': [ '1.5.393' ],
22 silly audit   'emoji-regex': [ '9.2.2', '8.0.0' ],
22 silly audit   'enhanced-resolve': [ '5.24.2' ],
22 silly audit   'es-abstract': [ '1.24.2' ],
22 silly audit   'es-abstract-get': [ '1.0.0' ],
22 silly audit   'es-define-property': [ '1.0.1' ],
22 silly audit   'es-errors': [ '1.3.0' ],
22 silly audit   'es-iterator-helpers': [ '1.4.0' ],
22 silly audit   'es-object-atoms': [ '1.1.2' ],
22 silly audit   'es-set-tostringtag': [ '2.1.0' ],
22 silly audit   'es-shim-unscopables': [ '1.1.0' ],
22 silly audit   'es-to-primitive': [ '1.3.4' ],
22 silly audit   escalade: [ '3.2.0' ],
22 silly audit   'escape-string-regexp': [ '4.0.0' ],
22 silly audit   eslint: [ '9.39.5' ],
22 silly audit   'eslint-config-next': [ '16.2.10' ],
22 silly audit   globals: [ '16.4.0', '14.0.0' ],
22 silly audit   'eslint-import-resolver-node': [ '0.3.10' ],
22 silly audit   'eslint-import-resolver-typescript': [ '3.10.1' ],
22 silly audit   'eslint-module-utils': [ '2.14.0' ],
22 silly audit   'eslint-plugin-import': [ '2.32.0' ],
22 silly audit   'eslint-plugin-jsx-a11y': [ '6.10.2' ],
22 silly audit   'eslint-plugin-react': [ '7.37.5' ],
22 silly audit   'eslint-plugin-react-hooks': [ '7.1.1' ],
22 silly audit   'eslint-scope': [ '8.4.0' ],
22 silly audit   espree: [ '10.4.0' ],
22 silly audit   esquery: [ '1.7.0' ],
22 silly audit   esrecurse: [ '4.3.0' ],
22 silly audit   estraverse: [ '5.3.0' ],
22 silly audit   esutils: [ '2.0.3' ],
22 silly audit   'fast-deep-equal': [ '3.1.3' ],
22 silly audit   'fast-glob': [ '3.3.1' ],
22 silly audit   'fast-json-stable-stringify': [ '2.1.0' ],
22 silly audit   'fast-levenshtein': [ '2.0.6' ],
22 silly audit   fastq: [ '1.20.1' ],
22 silly audit   'file-entry-cache': [ '8.0.0' ],
22 silly audit   'fill-range': [ '7.1.1' ],
22 silly audit   'find-up': [ '5.0.0' ],
22 silly audit   'flat-cache': [ '4.0.1' ],
22 silly audit   flatbuffers: [ '25.9.23' ],
22 silly audit   flatted: [ '3.4.2' ],
22 silly audit   'for-each': [ '0.3.5' ],
22 silly audit   'form-data': [ '4.0.6' ],
22 silly audit   fsevents: [ '2.3.3' ],
22 silly audit   'function-bind': [ '1.1.2' ],
22 silly audit   'function.prototype.name': [ '1.2.0' ],
22 silly audit   'functions-have-names': [ '1.2.3' ],
22 silly audit   'generator-function': [ '2.0.1' ],
22 silly audit   gensync: [ '1.0.0-beta.2' ],
22 silly audit   'get-caller-file': [ '2.0.5' ],
22 silly audit   'get-intrinsic': [ '1.3.0' ],
22 silly audit   'get-proto': [ '1.0.1' ],
22 silly audit   'get-symbol-description': [ '1.1.0' ],
22 silly audit   'get-tsconfig': [ '4.14.0' ],
22 silly audit   globalthis: [ '1.0.4' ],
22 silly audit   gopd: [ '1.2.0' ],
22 silly audit   'graceful-fs': [ '4.2.11' ],
22 silly audit   'guid-typescript': [ '1.0.9' ],
22 silly audit   'has-bigints': [ '1.1.0' ],
22 silly audit   'has-flag': [ '4.0.0' ],
22 silly audit   'has-property-descriptors': [ '1.0.2' ],
22 silly audit   'has-proto': [ '1.2.0' ],
22 silly audit   'has-symbols': [ '1.1.0' ],
22 silly audit   'has-tostringtag': [ '1.0.2' ],
22 silly audit   hasown: [ '2.0.4' ],
22 silly audit   'hermes-estree': [ '0.25.1' ],
22 silly audit   'hermes-parser': [ '0.25.1' ],
22 silly audit   'import-fresh': [ '3.3.1' ],
22 silly audit   imurmurhash: [ '0.1.4' ],
22 silly audit   'internal-slot': [ '1.1.0' ],
22 silly audit   'iota-array': [ '1.0.0' ],
22 silly audit   'is-array-buffer': [ '3.0.5' ],
22 silly audit   'is-async-function': [ '2.1.1' ],
22 silly audit   'is-bigint': [ '1.1.0' ],
22 silly audit   'is-binary-path': [ '2.1.0' ],
22 silly audit   'is-boolean-object': [ '1.2.2' ],
22 silly audit   'is-buffer': [ '1.1.6' ],
22 silly audit   'is-bun-module': [ '2.0.0' ],
22 silly audit   'is-callable': [ '1.2.7' ],
22 silly audit   'is-core-module': [ '2.16.2' ],
22 silly audit   'is-data-view': [ '1.0.2' ],
22 silly audit   'is-date-object': [ '1.1.0' ],
22 silly audit   'is-document.all': [ '1.0.0' ],
22 silly audit   'is-extglob': [ '2.1.1' ],
22 silly audit   'is-finalizationregistry': [ '1.1.1' ],
22 silly audit   'is-fullwidth-code-point': [ '3.0.0' ],
22 silly audit   'is-generator-function': [ '1.1.2' ],
22 silly audit   'is-glob': [ '4.0.3' ],
22 silly audit   'is-map': [ '2.0.3' ],
22 silly audit   'is-negative-zero': [ '2.0.3' ],
22 silly audit   'is-number': [ '7.0.0' ],
22 silly audit   'is-number-object': [ '1.1.1' ],
22 silly audit   'is-regex': [ '1.2.1' ],
22 silly audit   'is-set': [ '2.0.3' ],
22 silly audit   'is-shared-array-buffer': [ '1.0.4' ],
22 silly audit   'is-string': [ '1.1.1' ],
22 silly audit   'is-symbol': [ '1.1.1' ],
22 silly audit   'is-typed-array': [ '1.1.15' ],
22 silly audit   'is-weakmap': [ '2.0.2' ],
22 silly audit   'is-weakref': [ '1.1.1' ],
22 silly audit   'is-weakset': [ '2.0.4' ],
22 silly audit   isarray: [ '2.0.5' ],
22 silly audit   isexe: [ '2.0.0' ],
22 silly audit   'iterator.prototype': [ '1.1.5' ],
22 silly audit   jiti: [ '2.7.0' ],
22 silly audit   'js-tokens': [ '4.0.0' ],
22 silly audit   'js-yaml': [ '4.3.0' ],
22 silly audit   jsesc: [ '3.1.0' ],
22 silly audit   'json-buffer': [ '3.0.1' ],
22 silly audit   'json-schema-traverse': [ '0.4.1' ],
22 silly audit   'json-stable-stringify-without-jsonify': [ '1.0.1' ],
22 silly audit   json5: [ '2.2.3', '1.0.2' ],
22 silly audit   'jsonc-parser': [ '3.3.1' ],
22 silly audit   'jsx-ast-utils': [ '3.3.5' ],
22 silly audit   keyv: [ '4.5.4' ],
22 silly audit   'language-subtag-registry': [ '0.3.23' ],
22 silly audit   'language-tags': [ '1.0.9' ],
22 silly audit   levn: [ '0.4.1' ],
22 silly audit   lightningcss: [ '1.32.0' ],
22 silly audit   'lightningcss-android-arm64': [ '1.32.0' ],
22 silly audit   'lightningcss-darwin-arm64': [ '1.32.0' ],
22 silly audit   'lightningcss-darwin-x64': [ '1.32.0' ],
22 silly audit   'lightningcss-freebsd-x64': [ '1.32.0' ],
22 silly audit   'lightningcss-linux-arm-gnueabihf': [ '1.32.0' ],
22 silly audit   'lightningcss-linux-arm64-gnu': [ '1.32.0' ],
22 silly audit   'lightningcss-linux-arm64-musl': [ '1.32.0' ],
22 silly audit   'lightningcss-linux-x64-gnu': [ '1.32.0' ],
22 silly audit   'lightningcss-linux-x64-musl': [ '1.32.0' ],
22 silly audit   'lightningcss-win32-arm64-msvc': [ '1.32.0' ],
22 silly audit   'lightningcss-win32-x64-msvc': [ '1.32.0' ],
22 silly audit   'locate-path': [ '6.0.0' ],
22 silly audit   'lodash-es': [ '4.18.1' ],
22 silly audit   'lodash.merge': [ '4.6.2' ],
22 silly audit   long: [ '4.0.0', '5.3.2' ],
22 silly audit   'loose-envify': [ '1.4.0' ],
22 silly audit   'lru-cache': [ '5.1.1' ],
22 silly audit   'lucide-react': [ '1.25.0' ],
22 silly audit   'magic-string': [ '0.30.21' ],
22 silly audit   'math-intrinsics': [ '1.1.0' ],
22 silly audit   merge2: [ '1.4.1' ],
22 silly audit   micromatch: [ '4.0.8' ],
22 silly audit   'mime-db': [ '1.52.0' ],
22 silly audit   'mime-types': [ '2.1.35' ],
22 silly audit   minimist: [ '1.2.8' ],
22 silly audit   ms: [ '2.1.3' ],
22 silly audit   nanoid: [ '3.3.16' ],
22 silly audit   'napi-postinstall': [ '0.3.4' ],
22 silly audit   'natural-compare': [ '1.4.0' ],
22 silly audit   ndarray: [ '1.0.19' ],
22 silly audit   next: [ '16.2.10' ],
22 silly audit   postcss: [ '8.4.31', '8.5.19' ],
22 silly audit   'node-exports-info': [ '1.6.2' ],
22 silly audit   'node-fetch': [ '2.6.13' ],
22 silly audit   'node-releases': [ '2.0.51' ],
22 silly audit   'normalize-path': [ '3.0.0' ],
22 silly audit   'object-assign': [ '4.1.1' ],
22 silly audit   'object-inspect': [ '1.13.4' ],
22 silly audit   'object-keys': [ '1.1.1' ],
22 silly audit   'object.assign': [ '4.1.7' ],
22 silly audit   'object.entries': [ '1.1.9' ],
22 silly audit   'object.fromentries': [ '2.0.8' ],
22 silly audit   'object.groupby': [ '1.0.3' ],
22 silly audit   'object.values': [ '1.2.1' ],
22 silly audit   'onnxruntime-common': [ '1.21.0' ],
22 silly audit   'onnxruntime-web': [ '1.21.0' ],
22 silly audit   optionator: [ '0.9.4' ],
22 silly audit   'own-keys': [ '1.0.1' ],
22 silly audit   'p-limit': [ '3.1.0' ],
22 silly audit   'p-locate': [ '5.0.0' ],
22 silly audit   'parent-module': [ '1.0.1' ],
22 silly audit   'path-exists': [ '4.0.0' ],
22 silly audit   'path-key': [ '3.1.1' ],
22 silly audit   'path-parse': [ '1.0.7' ],
22 silly audit   picocolors: [ '1.1.1' ],
22 silly audit   picomatch: [ '2.3.2', '4.0.5' ],
22 silly audit   piexifjs: [ '1.0.6' ],
22 silly audit   platform: [ '1.3.6' ],
22 silly audit   'possible-typed-array-names': [ '1.1.0' ],
22 silly audit   'prelude-ls': [ '1.2.1' ],
22 silly audit   'prop-types': [ '15.8.1' ],
22 silly audit   'proper-lockfile': [ '4.1.2' ],
22 silly audit   protobufjs: [ '7.6.5' ],
22 silly audit   punycode: [ '2.3.1' ],
22 silly audit   'queue-microtask': [ '1.2.3' ],
22 silly audit   react: [ '19.2.4' ],
22 silly audit   'react-dom': [ '19.2.4' ],
22 silly audit   'react-is': [ '16.13.1' ],
22 silly audit   readdirp: [ '3.6.0' ],
22 silly audit   'reflect.getprototypeof': [ '1.0.10' ],
22 silly audit   'regenerator-runtime': [ '0.13.11' ],
22 silly audit   'regexp.prototype.flags': [ '1.5.4' ],
22 silly audit   'require-directory': [ '2.1.1' ],
22 silly audit   resolve: [ '2.0.0-next.7' ],
22 silly audit   'resolve-from': [ '4.0.0' ],
22 silly audit   'resolve-pkg-maps': [ '1.0.0' ],
22 silly audit   retry: [ '0.12.0' ],
22 silly audit   reusify: [ '1.1.0' ],
22 silly audit   'run-parallel': [ '1.2.0' ],
22 silly audit   'safe-array-concat': [ '1.1.4' ],
22 silly audit   'safe-buffer': [ '5.2.1' ],
22 silly audit   'safe-push-apply': [ '1.0.0' ],
22 silly audit   'safe-regex-test': [ '1.1.0' ],
22 silly audit   scheduler: [ '0.27.0' ],
22 silly audit   seedrandom: [ '3.0.5' ],
22 silly audit   'set-function-length': [ '1.2.2' ],
22 silly audit   'set-function-name': [ '2.0.2' ],
22 silly audit   'set-proto': [ '1.0.0' ],
22 silly audit   sharp: [ '0.34.5' ],
22 silly audit   'shebang-command': [ '2.0.0' ],
22 silly audit   'shebang-regex': [ '3.0.0' ],
22 silly audit   'side-channel': [ '1.1.1' ],
22 silly audit   'side-channel-list': [ '1.0.1' ],
22 silly audit   'side-channel-map': [ '1.0.1' ],
22 silly audit   'side-channel-weakmap': [ '1.0.2' ],
22 silly audit   'signal-exit': [ '3.0.7' ],
22 silly audit   'source-map-js': [ '1.2.1' ],
22 silly audit   'sprintf-js': [ '1.0.3' ],
22 silly audit   'stable-hash': [ '0.0.5' ],
22 silly audit   'stop-iteration-iterator': [ '1.1.0' ],
22 silly audit   string_decoder: [ '1.3.0' ],
22 silly audit   'string-width': [ '4.2.3' ],
22 silly audit   'string.prototype.includes': [ '2.0.1' ],
22 silly audit   'string.prototype.matchall': [ '4.0.12' ],
22 silly audit   'string.prototype.repeat': [ '1.0.0' ],
22 silly audit   'string.prototype.trim': [ '1.2.11' ],
22 silly audit   'string.prototype.trimend': [ '1.0.10' ],
22 silly audit   'string.prototype.trimstart': [ '1.0.8' ],
22 silly audit   'strip-ansi': [ '6.0.1' ],
22 silly audit   'strip-bom': [ '3.0.0' ],
22 silly audit   'strip-json-comments': [ '3.1.1' ],
22 silly audit   'styled-jsx': [ '5.1.6' ],
22 silly audit   'supports-color': [ '7.2.0' ],
22 silly audit   'supports-preserve-symlinks-flag': [ '1.0.0' ],
22 silly audit   tailwindcss: [ '4.3.3' ],
22 silly audit   tapable: [ '2.3.3' ],
22 silly audit   tinyglobby: [ '0.2.17' ],
22 silly audit   fdir: [ '6.5.0' ],
22 silly audit   'to-regex-range': [ '5.0.1' ],
22 silly audit   tr46: [ '0.0.3' ],
22 silly audit   'ts-api-utils': [ '2.5.0' ],
22 silly audit   'tsconfig-paths': [ '3.15.0' ],
22 silly audit   tslib: [ '2.8.1' ],
22 silly audit   'type-check': [ '0.4.0' ],
22 silly audit   'typed-array-buffer': [ '1.0.3' ],
22 silly audit   'typed-array-byte-length': [ '1.0.3' ],
22 silly audit   'typed-array-byte-offset': [ '1.0.4' ],
22 silly audit   'typed-array-length': [ '1.0.8' ],
22 silly audit   typescript: [ '5.9.3' ],
22 silly audit   'typescript-eslint': [ '8.64.0' ],
22 silly audit   'unbox-primitive': [ '1.1.0' ],
22 silly audit   'undici-types': [ '6.21.0' ],
22 silly audit   'unrs-resolver': [ '1.12.2' ],
22 silly audit   'update-browserslist-db': [ '1.2.3' ],
22 silly audit   upscaler: [ '1.0.0' ],
22 silly audit   'uri-js': [ '4.4.1' ],
22 silly audit   'webidl-conversions': [ '3.0.1' ],
22 silly audit   'whatwg-url': [ '5.0.0' ],
22 silly audit   which: [ '2.0.2' ],
22 silly audit   'which-boxed-primitive': [ '1.1.1' ],
22 silly audit   'which-builtin-type': [ '1.2.1' ],
22 silly audit   'which-collection': [ '1.0.2' ],
22 silly audit   'which-typed-array': [ '1.1.22' ],
22 silly audit   wireit: [ '0.14.13' ],
22 silly audit   'word-wrap': [ '1.2.5' ],
22 silly audit   'wrap-ansi': [ '7.0.0' ],
22 silly audit   y18n: [ '5.0.8' ],
22 silly audit   yallist: [ '3.1.1' ],
22 silly audit   yargs: [ '16.2.2' ],
22 silly audit   'yargs-parser': [ '20.2.9' ],
22 silly audit   'yocto-queue': [ '0.1.0' ],
22 silly audit   'zod-validation-error': [ '4.0.2' ],
22 silly audit   '@types/canvas-confetti': [ '1.9.0' ],
22 silly audit   '@tailwindcss/oxide-wasm32-wasi': [ '4.3.3' ]
22 silly audit }
23 verbose reify failed optional dependency D:\Pookiz\vividcut\node_modules\lightningcss-win32-arm64-msvc
24 silly reify mark deleted [ 'D:\\Pookiz\\vividcut\\node_modules\\lightningcss-win32-arm64-msvc' ]
25 verbose reify failed optional dependency D:\Pookiz\vividcut\node_modules\lightningcss-linux-x64-musl
26 silly reify mark deleted [ 'D:\\Pookiz\\vividcut\\node_modules\\lightningcss-linux-x64-musl' ]
27 verbose reify failed optional dependency D:\Pookiz\vividcut\node_modules\lightningcss-linux-x64-gnu
28 silly reify mark deleted [ 'D:\\Pookiz\\vividcut\\node_modules\\lightningcss-linux-x64-gnu' ]
29 verbose reify failed optional dependency D:\Pookiz\vividcut\node_modules\lightningcss-linux-arm64-musl
30 silly reify mark deleted [ 'D:\\Pookiz\\vividcut\\node_modules\\lightningcss-linux-arm64-musl' ]
31 verbose reify failed optional dependency D:\Pookiz\vividcut\node_modules\lightningcss-linux-arm64-gnu
32 silly reify mark deleted [ 'D:\\Pookiz\\vividcut\\node_modules\\lightningcss-linux-arm64-gnu' ]
33 verbose reify failed optional dependency D:\Pookiz\vividcut\node_modules\lightningcss-linux-arm-gnueabihf
34 silly reify mark deleted [
34 silly reify   'D:\\Pookiz\\vividcut\\node_modules\\lightningcss-linux-arm-gnueabihf'
34 silly reify ]
35 verbose reify failed optional dependency D:\Pookiz\vividcut\node_modules\lightningcss-freebsd-x64
36 silly reify mark deleted [ 'D:\\Pookiz\\vividcut\\node_modules\\lightningcss-freebsd-x64' ]
37 verbose reify failed optional dependency D:\Pookiz\vividcut\node_modules\lightningcss-darwin-x64
38 silly reify mark deleted [ 'D:\\Pookiz\\vividcut\\node_modules\\lightningcss-darwin-x64' ]
39 verbose reify failed optional dependency D:\Pookiz\vividcut\node_modules\lightningcss-darwin-arm64
40 silly reify mark deleted [ 'D:\\Pookiz\\vividcut\\node_modules\\lightningcss-darwin-arm64' ]
41 verbose reify failed optional dependency D:\Pookiz\vividcut\node_modules\lightningcss-android-arm64
42 silly reify mark deleted [ 'D:\\Pookiz\\vividcut\\node_modules\\lightningcss-android-arm64' ]
43 verbose reify failed optional dependency D:\Pookiz\vividcut\node_modules\fsevents
44 silly reify mark deleted [ 'D:\\Pookiz\\vividcut\\node_modules\\fsevents' ]
45 verbose reify failed optional dependency D:\Pookiz\vividcut\node_modules\@unrs\resolver-binding-win32-ia32-msvc
46 silly reify mark deleted [
46 silly reify   'D:\\Pookiz\\vividcut\\node_modules\\@unrs\\resolver-binding-win32-ia32-msvc'
46 silly reify ]
47 verbose reify failed optional dependency D:\Pookiz\vividcut\node_modules\@unrs\resolver-binding-win32-arm64-msvc
48 silly reify mark deleted [
48 silly reify   'D:\\Pookiz\\vividcut\\node_modules\\@unrs\\resolver-binding-win32-arm64-msvc'
48 silly reify ]
49 verbose reify failed optional dependency D:\Pookiz\vividcut\node_modules\@unrs\resolver-binding-wasm32-wasi
50 silly reify mark deleted [
50 silly reify   'D:\\Pookiz\\vividcut\\node_modules\\@unrs\\resolver-binding-wasm32-wasi'
50 silly reify ]
51 verbose reify failed optional dependency D:\Pookiz\vividcut\node_modules\@unrs\resolver-binding-wasm32-wasi\node_modules\@emnapi\runtime
52 silly reify mark deleted [
52 silly reify   'D:\\Pookiz\\vividcut\\node_modules\\@unrs\\resolver-binding-wasm32-wasi\\node_modules\\@emnapi\\runtime'
52 silly reify ]
53 verbose reify failed optional dependency D:\Pookiz\vividcut\node_modules\@unrs\resolver-binding-openharmony-arm64
54 silly reify mark deleted [
54 silly reify   'D:\\Pookiz\\vividcut\\node_modules\\@unrs\\resolver-binding-openharmony-arm64'
54 silly reify ]
55 verbose reify failed optional dependency D:\Pookiz\vividcut\node_modules\@unrs\resolver-binding-linux-x64-musl
56 silly reify mark deleted [
56 silly reify   'D:\\Pookiz\\vividcut\\node_modules\\@unrs\\resolver-binding-linux-x64-musl'
56 silly reify ]
57 verbose reify failed optional dependency D:\Pookiz\vividcut\node_modules\@unrs\resolver-binding-linux-x64-gnu
58 silly reify mark deleted [
58 silly reify   'D:\\Pookiz\\vividcut\\node_modules\\@unrs\\resolver-binding-linux-x64-gnu'
58 silly reify ]
59 verbose reify failed optional dependency D:\Pookiz\vividcut\node_modules\@unrs\resolver-binding-linux-s390x-gnu
60 silly reify mark deleted [
60 silly reify   'D:\\Pookiz\\vividcut\\node_modules\\@unrs\\resolver-binding-linux-s390x-gnu'
60 silly reify ]
61 verbose reify failed optional dependency D:\Pookiz\vividcut\node_modules\@unrs\resolver-binding-linux-riscv64-musl
62 silly reify mark deleted [
62 silly reify   'D:\\Pookiz\\vividcut\\node_modules\\@unrs\\resolver-binding-linux-riscv64-musl'
62 silly reify ]
63 verbose reify failed optional dependency D:\Pookiz\vividcut\node_modules\@unrs\resolver-binding-linux-riscv64-gnu
64 silly reify mark deleted [
64 silly reify   'D:\\Pookiz\\vividcut\\node_modules\\@unrs\\resolver-binding-linux-riscv64-gnu'
64 silly reify ]
65 verbose reify failed optional dependency D:\Pookiz\vividcut\node_modules\@unrs\resolver-binding-linux-ppc64-gnu
66 silly reify mark deleted [
66 silly reify   'D:\\Pookiz\\vividcut\\node_modules\\@unrs\\resolver-binding-linux-ppc64-gnu'
66 silly reify ]
67 verbose reify failed optional dependency D:\Pookiz\vividcut\node_modules\@unrs\resolver-binding-linux-loong64-musl
68 silly reify mark deleted [
68 silly reify   'D:\\Pookiz\\vividcut\\node_modules\\@unrs\\resolver-binding-linux-loong64-musl'
68 silly reify ]
69 verbose reify failed optional dependency D:\Pookiz\vividcut\node_modules\@unrs\resolver-binding-linux-loong64-gnu
70 silly reify mark deleted [
70 silly reify   'D:\\Pookiz\\vividcut\\node_modules\\@unrs\\resolver-binding-linux-loong64-gnu'
70 silly reify ]
71 verbose reify failed optional dependency D:\Pookiz\vividcut\node_modules\@unrs\resolver-binding-linux-arm64-musl
72 silly reify mark deleted [
72 silly reify   'D:\\Pookiz\\vividcut\\node_modules\\@unrs\\resolver-binding-linux-arm64-musl'
72 silly reify ]
73 verbose reify failed optional dependency D:\Pookiz\vividcut\node_modules\@unrs\resolver-binding-linux-arm64-gnu
74 silly reify mark deleted [
74 silly reify   'D:\\Pookiz\\vividcut\\node_modules\\@unrs\\resolver-binding-linux-arm64-gnu'
74 silly reify ]
75 verbose reify failed optional dependency D:\Pookiz\vividcut\node_modules\@unrs\resolver-binding-linux-arm-musleabihf
76 silly reify mark deleted [
76 silly reify   'D:\\Pookiz\\vividcut\\node_modules\\@unrs\\resolver-binding-linux-arm-musleabihf'
76 silly reify ]
77 verbose reify failed optional dependency D:\Pookiz\vividcut\node_modules\@unrs\resolver-binding-linux-arm-gnueabihf
78 silly reify mark deleted [
78 silly reify   'D:\\Pookiz\\vividcut\\node_modules\\@unrs\\resolver-binding-linux-arm-gnueabihf'
78 silly reify ]
79 verbose reify failed optional dependency D:\Pookiz\vividcut\node_modules\@unrs\resolver-binding-freebsd-x64
80 silly reify mark deleted [
80 silly reify   'D:\\Pookiz\\vividcut\\node_modules\\@unrs\\resolver-binding-freebsd-x64'
80 silly reify ]
81 verbose reify failed optional dependency D:\Pookiz\vividcut\node_modules\@unrs\resolver-binding-darwin-x64
82 silly reify mark deleted [
82 silly reify   'D:\\Pookiz\\vividcut\\node_modules\\@unrs\\resolver-binding-darwin-x64'
82 silly reify ]
83 verbose reify failed optional dependency D:\Pookiz\vividcut\node_modules\@unrs\resolver-binding-darwin-arm64
84 silly reify mark deleted [
84 silly reify   'D:\\Pookiz\\vividcut\\node_modules\\@unrs\\resolver-binding-darwin-arm64'
84 silly reify ]
85 verbose reify failed optional dependency D:\Pookiz\vividcut\node_modules\@unrs\resolver-binding-android-arm64
86 silly reify mark deleted [
86 silly reify   'D:\\Pookiz\\vividcut\\node_modules\\@unrs\\resolver-binding-android-arm64'
86 silly reify ]
87 verbose reify failed optional dependency D:\Pookiz\vividcut\node_modules\@unrs\resolver-binding-android-arm-eabi
88 silly reify mark deleted [
88 silly reify   'D:\\Pookiz\\vividcut\\node_modules\\@unrs\\resolver-binding-android-arm-eabi'
88 silly reify ]
89 verbose reify failed optional dependency D:\Pookiz\vividcut\node_modules\@tailwindcss\oxide-win32-arm64-msvc
90 silly reify mark deleted [
90 silly reify   'D:\\Pookiz\\vividcut\\node_modules\\@tailwindcss\\oxide-win32-arm64-msvc'
90 silly reify ]
91 verbose reify failed optional dependency D:\Pookiz\vividcut\node_modules\@tailwindcss\oxide-linux-x64-musl
92 silly reify mark deleted [
92 silly reify   'D:\\Pookiz\\vividcut\\node_modules\\@tailwindcss\\oxide-linux-x64-musl'
92 silly reify ]
93 verbose reify failed optional dependency D:\Pookiz\vividcut\node_modules\@tailwindcss\oxide-linux-x64-gnu
94 silly reify mark deleted [
94 silly reify   'D:\\Pookiz\\vividcut\\node_modules\\@tailwindcss\\oxide-linux-x64-gnu'
94 silly reify ]
95 verbose reify failed optional dependency D:\Pookiz\vividcut\node_modules\@tailwindcss\oxide-linux-arm64-musl
96 silly reify mark deleted [
96 silly reify   'D:\\Pookiz\\vividcut\\node_modules\\@tailwindcss\\oxide-linux-arm64-musl'
96 silly reify ]
97 verbose reify failed optional dependency D:\Pookiz\vividcut\node_modules\@tailwindcss\oxide-linux-arm64-gnu
98 silly reify mark deleted [
98 silly reify   'D:\\Pookiz\\vividcut\\node_modules\\@tailwindcss\\oxide-linux-arm64-gnu'
98 silly reify ]
99 verbose reify failed optional dependency D:\Pookiz\vividcut\node_modules\@tailwindcss\oxide-linux-arm-gnueabihf
100 silly reify mark deleted [
100 silly reify   'D:\\Pookiz\\vividcut\\node_modules\\@tailwindcss\\oxide-linux-arm-gnueabihf'
100 silly reify ]
101 verbose reify failed optional dependency D:\Pookiz\vividcut\node_modules\@tailwindcss\oxide-freebsd-x64
102 silly reify mark deleted [
102 silly reify   'D:\\Pookiz\\vividcut\\node_modules\\@tailwindcss\\oxide-freebsd-x64'
102 silly reify ]
103 verbose reify failed optional dependency D:\Pookiz\vividcut\node_modules\@tailwindcss\oxide-darwin-x64
104 silly reify mark deleted [
104 silly reify   'D:\\Pookiz\\vividcut\\node_modules\\@tailwindcss\\oxide-darwin-x64'
104 silly reify ]
105 verbose reify failed optional dependency D:\Pookiz\vividcut\node_modules\@tailwindcss\oxide-darwin-arm64
106 silly reify mark deleted [
106 silly reify   'D:\\Pookiz\\vividcut\\node_modules\\@tailwindcss\\oxide-darwin-arm64'
106 silly reify ]
107 verbose reify failed optional dependency D:\Pookiz\vividcut\node_modules\@tailwindcss\oxide-android-arm64
108 silly reify mark deleted [
108 silly reify   'D:\\Pookiz\\vividcut\\node_modules\\@tailwindcss\\oxide-android-arm64'
108 silly reify ]
109 verbose reify failed optional dependency D:\Pookiz\vividcut\node_modules\@next\swc-win32-arm64-msvc
110 silly reify mark deleted [ 'D:\\Pookiz\\vividcut\\node_modules\\@next\\swc-win32-arm64-msvc' ]
111 verbose reify failed optional dependency D:\Pookiz\vividcut\node_modules\@next\swc-linux-x64-musl
112 silly reify mark deleted [ 'D:\\Pookiz\\vividcut\\node_modules\\@next\\swc-linux-x64-musl' ]
113 verbose reify failed optional dependency D:\Pookiz\vividcut\node_modules\@next\swc-linux-x64-gnu
114 silly reify mark deleted [ 'D:\\Pookiz\\vividcut\\node_modules\\@next\\swc-linux-x64-gnu' ]
115 verbose reify failed optional dependency D:\Pookiz\vividcut\node_modules\@next\swc-linux-arm64-musl
116 silly reify mark deleted [ 'D:\\Pookiz\\vividcut\\node_modules\\@next\\swc-linux-arm64-musl' ]
117 verbose reify failed optional dependency D:\Pookiz\vividcut\node_modules\@next\swc-linux-arm64-gnu
118 silly reify mark deleted [ 'D:\\Pookiz\\vividcut\\node_modules\\@next\\swc-linux-arm64-gnu' ]
119 verbose reify failed optional dependency D:\Pookiz\vividcut\node_modules\@next\swc-darwin-x64
120 silly reify mark deleted [ 'D:\\Pookiz\\vividcut\\node_modules\\@next\\swc-darwin-x64' ]
121 verbose reify failed optional dependency D:\Pookiz\vividcut\node_modules\@next\swc-darwin-arm64
122 silly reify mark deleted [ 'D:\\Pookiz\\vividcut\\node_modules\\@next\\swc-darwin-arm64' ]
123 verbose reify failed optional dependency D:\Pookiz\vividcut\node_modules\@img\sharp-win32-ia32
124 silly reify mark deleted [ 'D:\\Pookiz\\vividcut\\node_modules\\@img\\sharp-win32-ia32' ]
125 verbose reify failed optional dependency D:\Pookiz\vividcut\node_modules\@img\sharp-win32-arm64
126 silly reify mark deleted [ 'D:\\Pookiz\\vividcut\\node_modules\\@img\\sharp-win32-arm64' ]
127 verbose reify failed optional dependency D:\Pookiz\vividcut\node_modules\@img\sharp-wasm32
128 silly reify mark deleted [ 'D:\\Pookiz\\vividcut\\node_modules\\@img\\sharp-wasm32' ]
129 verbose reify failed optional dependency D:\Pookiz\vividcut\node_modules\@img\sharp-linuxmusl-x64
130 silly reify mark deleted [ 'D:\\Pookiz\\vividcut\\node_modules\\@img\\sharp-linuxmusl-x64' ]
131 verbose reify failed optional dependency D:\Pookiz\vividcut\node_modules\@img\sharp-linuxmusl-arm64
132 silly reify mark deleted [ 'D:\\Pookiz\\vividcut\\node_modules\\@img\\sharp-linuxmusl-arm64' ]
133 verbose reify failed optional dependency D:\Pookiz\vividcut\node_modules\@img\sharp-linux-x64
134 silly reify mark deleted [ 'D:\\Pookiz\\vividcut\\node_modules\\@img\\sharp-linux-x64' ]
135 verbose reify failed optional dependency D:\Pookiz\vividcut\node_modules\@img\sharp-linux-s390x
136 silly reify mark deleted [ 'D:\\Pookiz\\vividcut\\node_modules\\@img\\sharp-linux-s390x' ]
137 verbose reify failed optional dependency D:\Pookiz\vividcut\node_modules\@img\sharp-linux-riscv64
138 silly reify mark deleted [ 'D:\\Pookiz\\vividcut\\node_modules\\@img\\sharp-linux-riscv64' ]
139 verbose reify failed optional dependency D:\Pookiz\vividcut\node_modules\@img\sharp-linux-ppc64
140 silly reify mark deleted [ 'D:\\Pookiz\\vividcut\\node_modules\\@img\\sharp-linux-ppc64' ]
141 verbose reify failed optional dependency D:\Pookiz\vividcut\node_modules\@img\sharp-linux-arm64
142 silly reify mark deleted [ 'D:\\Pookiz\\vividcut\\node_modules\\@img\\sharp-linux-arm64' ]
143 verbose reify failed optional dependency D:\Pookiz\vividcut\node_modules\@img\sharp-linux-arm
144 silly reify mark deleted [ 'D:\\Pookiz\\vividcut\\node_modules\\@img\\sharp-linux-arm' ]
145 verbose reify failed optional dependency D:\Pookiz\vividcut\node_modules\@img\sharp-libvips-linuxmusl-x64
146 silly reify mark deleted [
146 silly reify   'D:\\Pookiz\\vividcut\\node_modules\\@img\\sharp-libvips-linuxmusl-x64'
146 silly reify ]
147 verbose reify failed optional dependency D:\Pookiz\vividcut\node_modules\@img\sharp-libvips-linuxmusl-arm64
148 silly reify mark deleted [
148 silly reify   'D:\\Pookiz\\vividcut\\node_modules\\@img\\sharp-libvips-linuxmusl-arm64'
148 silly reify ]
149 verbose reify failed optional dependency D:\Pookiz\vividcut\node_modules\@img\sharp-libvips-linux-x64
150 silly reify mark deleted [ 'D:\\Pookiz\\vividcut\\node_modules\\@img\\sharp-libvips-linux-x64' ]
151 verbose reify failed optional dependency D:\Pookiz\vividcut\node_modules\@img\sharp-libvips-linux-s390x
152 silly reify mark deleted [
152 silly reify   'D:\\Pookiz\\vividcut\\node_modules\\@img\\sharp-libvips-linux-s390x'
152 silly reify ]
153 verbose reify failed optional dependency D:\Pookiz\vividcut\node_modules\@img\sharp-libvips-linux-riscv64
154 silly reify mark deleted [
154 silly reify   'D:\\Pookiz\\vividcut\\node_modules\\@img\\sharp-libvips-linux-riscv64'
154 silly reify ]
155 verbose reify failed optional dependency D:\Pookiz\vividcut\node_modules\@img\sharp-libvips-linux-ppc64
156 silly reify mark deleted [
156 silly reify   'D:\\Pookiz\\vividcut\\node_modules\\@img\\sharp-libvips-linux-ppc64'
156 silly reify ]
157 verbose reify failed optional dependency D:\Pookiz\vividcut\node_modules\@img\sharp-libvips-linux-arm64
158 silly reify mark deleted [
158 silly reify   'D:\\Pookiz\\vividcut\\node_modules\\@img\\sharp-libvips-linux-arm64'
158 silly reify ]
159 verbose reify failed optional dependency D:\Pookiz\vividcut\node_modules\@img\sharp-libvips-linux-arm
160 silly reify mark deleted [ 'D:\\Pookiz\\vividcut\\node_modules\\@img\\sharp-libvips-linux-arm' ]
161 verbose reify failed optional dependency D:\Pookiz\vividcut\node_modules\@img\sharp-libvips-darwin-x64
162 silly reify mark deleted [
162 silly reify   'D:\\Pookiz\\vividcut\\node_modules\\@img\\sharp-libvips-darwin-x64'
162 silly reify ]
163 verbose reify failed optional dependency D:\Pookiz\vividcut\node_modules\@img\sharp-libvips-darwin-arm64
164 silly reify mark deleted [
164 silly reify   'D:\\Pookiz\\vividcut\\node_modules\\@img\\sharp-libvips-darwin-arm64'
164 silly reify ]
165 verbose reify failed optional dependency D:\Pookiz\vividcut\node_modules\@img\sharp-darwin-x64
166 silly reify mark deleted [ 'D:\\Pookiz\\vividcut\\node_modules\\@img\\sharp-darwin-x64' ]
167 verbose reify failed optional dependency D:\Pookiz\vividcut\node_modules\@img\sharp-darwin-arm64
168 silly reify mark deleted [ 'D:\\Pookiz\\vividcut\\node_modules\\@img\\sharp-darwin-arm64' ]
169 http cache @types/canvas-confetti@https://registry.npmjs.org/@types/canvas-confetti/-/canvas-confetti-1.9.0.tgz 0ms (cache hit)
170 http cache @emnapi/runtime@https://registry.npmjs.org/@emnapi/runtime/-/runtime-1.10.0.tgz 0ms (cache hit)
171 silly tarball no local data for @types/canvas-confetti@https://registry.npmjs.org/@types/canvas-confetti/-/canvas-confetti-1.9.0.tgz. Extracting by manifest.
172 http fetch POST 200 https://registry.npmjs.org/-/npm/v1/security/advisories/bulk 445ms
173 silly audit report {
173 silly audit report   postcss: [
173 silly audit report     {
173 silly audit report       id: 1117015,
173 silly audit report       url: 'https://github.com/advisories/GHSA-qx2v-qp2m-jg93',
173 silly audit report       title: 'PostCSS has XSS via Unescaped </style> in its CSS Stringify Output',
173 silly audit report       severity: 'moderate',
173 silly audit report       vulnerable_versions: '<8.5.10',
173 silly audit report       cwe: [Array],
173 silly audit report       cvss: [Object]
173 silly audit report     }
173 silly audit report   ]
173 silly audit report }
174 silly packumentCache corgi:https://registry.npmjs.org/postcss cache-miss
175 http cache https://registry.npmjs.org/postcss 9ms (cache hit)
176 silly packumentCache corgi:https://registry.npmjs.org/postcss set size:348705 disposed:false
177 silly packumentCache corgi:https://registry.npmjs.org/next cache-miss
178 http cache https://registry.npmjs.org/next 43ms (cache hit)
179 silly packumentCache corgi:https://registry.npmjs.org/next set size:25371304 disposed:false
180 http fetch GET 200 https://registry.npmjs.org/@types/canvas-confetti/-/canvas-confetti-1.9.0.tgz 872ms (cache miss)
181 silly ADD node_modules/@types/canvas-confetti
182 silly ADD
183 silly ADD
184 silly ADD
185 silly ADD
186 silly ADD
187 silly ADD
188 silly ADD
189 silly ADD
190 silly ADD
191 silly ADD
192 silly ADD
193 silly ADD
194 silly ADD
195 silly ADD
196 silly ADD node_modules/@emnapi/runtime
197 silly ADD
198 silly ADD
199 silly ADD
200 silly ADD
201 silly ADD
202 silly ADD
203 silly ADD
204 silly ADD
205 silly ADD
206 silly ADD
207 silly ADD
208 silly ADD
209 silly ADD
210 silly ADD
211 silly ADD
212 silly ADD
213 silly ADD
214 silly ADD
215 silly ADD
216 silly ADD
217 silly ADD
218 silly ADD
219 silly ADD
220 silly ADD
221 silly ADD
222 silly ADD
223 silly ADD
224 silly ADD
225 silly ADD
226 silly ADD
227 silly ADD
228 silly ADD
229 silly ADD
230 silly ADD
231 silly ADD
232 silly ADD
233 silly ADD
234 silly ADD
235 silly ADD
236 silly ADD
237 silly ADD
238 silly ADD
239 silly ADD
240 silly ADD
241 silly ADD
242 silly ADD
243 silly ADD
244 silly ADD
245 silly ADD
246 silly ADD
247 silly ADD
248 silly ADD
249 silly ADD
250 silly ADD
251 silly ADD
252 silly ADD
253 silly ADD
254 silly ADD
255 silly ADD
256 verbose cwd D:\Pookiz\vividcut
257 verbose os Windows_NT 10.0.26200
258 verbose node v22.14.0
259 verbose npm  v10.9.2
260 verbose exit 0
261 info ok
